Traceback (most recent call last):
  File "/Users/ppa045/anaconda3/envs/dsbook/lib/python3.11/site-packages/jupyter_cache/executors/utils.py", line 51, in single_nb_execution
    executenb(
  File "/Users/ppa045/anaconda3/envs/dsbook/lib/python3.11/site-packages/nbclient/client.py", line 1204, in execute
    return NotebookClient(nb=nb, resources=resources, km=km, **kwargs).execute()
           ^^^^^^^^^^^^^^^^^^^^^^^^^^^^^^^^^^^^^^^^^^^^^^^^^^^^^^^^^^^^^^^^^^^^^
  File "/Users/ppa045/anaconda3/envs/dsbook/lib/python3.11/site-packages/nbclient/util.py", line 84, in wrapped
    return just_run(coro(*args, **kwargs))
           ^^^^^^^^^^^^^^^^^^^^^^^^^^^^^^^
  File "/Users/ppa045/anaconda3/envs/dsbook/lib/python3.11/site-packages/nbclient/util.py", line 62, in just_run
    return loop.run_until_complete(coro)
           ^^^^^^^^^^^^^^^^^^^^^^^^^^^^^
  File "/Users/ppa045/anaconda3/envs/dsbook/lib/python3.11/asyncio/base_events.py", line 650, in run_until_complete
    return future.result()
           ^^^^^^^^^^^^^^^
  File "/Users/ppa045/anaconda3/envs/dsbook/lib/python3.11/contextlib.py", line 222, in __aexit__
    await self.gen.athrow(typ, value, traceback)
  File "/Users/ppa045/anaconda3/envs/dsbook/lib/python3.11/site-packages/nbclient/client.py", line 608, in async_setup_kernel
    yield
  File "/Users/ppa045/anaconda3/envs/dsbook/lib/python3.11/site-packages/nbclient/client.py", line 663, in async_execute
    await self.async_execute_cell(
  File "/Users/ppa045/anaconda3/envs/dsbook/lib/python3.11/site-packages/nbclient/client.py", line 965, in async_execute_cell
    await self._check_raise_for_error(cell, cell_index, exec_reply)
  File "/Users/ppa045/anaconda3/envs/dsbook/lib/python3.11/site-packages/nbclient/client.py", line 862, in _check_raise_for_error
    raise CellExecutionError.from_cell_and_msg(cell, exec_reply_content)
nbclient.exceptions.CellExecutionError: An error occurred while executing the following cell:
------------------
from sklearn.linear_model import LogisticRegression
# lage modell
logreg = LogisticRegression(penalty=None)
# tilpasse modell
logreg.fit(X_train, y_train)
# prediksjon på valideringsdata
prediction = logreg.predict(X_val)
# beregn gjennomsnittlig kvadrert feil på valideringsdata
print('Nøyaktighet:', np.round(accuracy_score(y_val, prediction), decimals=2))
------------------

[0;31m---------------------------------------------------------------------------[0m
[0;31mValueError[0m                                Traceback (most recent call last)
Cell [0;32mIn [28], line 5[0m
[1;32m      3[0m logreg [38;5;241m=[39m LogisticRegression(penalty[38;5;241m=[39m[38;5;28;01mNone[39;00m)
[1;32m      4[0m [38;5;66;03m# tilpasse modell[39;00m
[0;32m----> 5[0m [43mlogreg[49m[38;5;241;43m.[39;49m[43mfit[49m[43m([49m[43mX_train[49m[43m,[49m[43m [49m[43my_train[49m[43m)[49m
[1;32m      6[0m [38;5;66;03m# prediksjon på valideringsdata[39;00m
[1;32m      7[0m prediction [38;5;241m=[39m logreg[38;5;241m.[39mpredict(X_val)

File [0;32m~/anaconda3/envs/dsbook/lib/python3.11/site-packages/sklearn/linear_model/_logistic.py:1091[0m, in [0;36mLogisticRegression.fit[0;34m(self, X, y, sample_weight)[0m
[1;32m   1062[0m [38;5;28;01mdef[39;00m [38;5;21mfit[39m([38;5;28mself[39m, X, y, sample_weight[38;5;241m=[39m[38;5;28;01mNone[39;00m):
[1;32m   1063[0m     [38;5;124;03m"""[39;00m
[1;32m   1064[0m [38;5;124;03m    Fit the model according to the given training data.[39;00m
[1;32m   1065[0m 
[0;32m   (...)[0m
[1;32m   1089[0m [38;5;124;03m    The SAGA solver supports both float64 and float32 bit arrays.[39;00m
[1;32m   1090[0m [38;5;124;03m    """[39;00m
[0;32m-> 1091[0m     solver [38;5;241m=[39m [43m_check_solver[49m[43m([49m[38;5;28;43mself[39;49m[38;5;241;43m.[39;49m[43msolver[49m[43m,[49m[43m [49m[38;5;28;43mself[39;49m[38;5;241;43m.[39;49m[43mpenalty[49m[43m,[49m[43m [49m[38;5;28;43mself[39;49m[38;5;241;43m.[39;49m[43mdual[49m[43m)[49m
[1;32m   1093[0m     [38;5;28;01mif[39;00m [38;5;129;01mnot[39;00m [38;5;28misinstance[39m([38;5;28mself[39m[38;5;241m.[39mC, numbers[38;5;241m.[39mNumber) [38;5;129;01mor[39;00m [38;5;28mself[39m[38;5;241m.[39mC [38;5;241m<[39m [38;5;241m0[39m:
[1;32m   1094[0m         [38;5;28;01mraise[39;00m [38;5;167;01mValueError[39;00m([38;5;124m"[39m[38;5;124mPenalty term must be positive; got (C=[39m[38;5;132;01m%r[39;00m[38;5;124m)[39m[38;5;124m"[39m [38;5;241m%[39m [38;5;28mself[39m[38;5;241m.[39mC)

File [0;32m~/anaconda3/envs/dsbook/lib/python3.11/site-packages/sklearn/linear_model/_logistic.py:55[0m, in [0;36m_check_solver[0;34m(solver, penalty, dual)[0m
[1;32m     53[0m all_penalties [38;5;241m=[39m [[38;5;124m"[39m[38;5;124ml1[39m[38;5;124m"[39m, [38;5;124m"[39m[38;5;124ml2[39m[38;5;124m"[39m, [38;5;124m"[39m[38;5;124melasticnet[39m[38;5;124m"[39m, [38;5;124m"[39m[38;5;124mnone[39m[38;5;124m"[39m]
[1;32m     54[0m [38;5;28;01mif[39;00m penalty [38;5;129;01mnot[39;00m [38;5;129;01min[39;00m all_penalties:
[0;32m---> 55[0m     [38;5;28;01mraise[39;00m [38;5;167;01mValueError[39;00m(
[1;32m     56[0m         [38;5;124m"[39m[38;5;124mLogistic Regression supports only penalties in [39m[38;5;132;01m%s[39;00m[38;5;124m, got [39m[38;5;132;01m%s[39;00m[38;5;124m.[39m[38;5;124m"[39m
[1;32m     57[0m         [38;5;241m%[39m (all_penalties, penalty)
[1;32m     58[0m     )
[1;32m     60[0m [38;5;28;01mif[39;00m solver [38;5;129;01mnot[39;00m [38;5;129;01min[39;00m [[38;5;124m"[39m[38;5;124mliblinear[39m[38;5;124m"[39m, [38;5;124m"[39m[38;5;124msaga[39m[38;5;124m"[39m] [38;5;129;01mand[39;00m penalty [38;5;129;01mnot[39;00m [38;5;129;01min[39;00m ([38;5;124m"[39m[38;5;124ml2[39m[38;5;124m"[39m, [38;5;124m"[39m[38;5;124mnone[39m[38;5;124m"[39m):
[1;32m     61[0m     [38;5;28;01mraise[39;00m [38;5;167;01mValueError[39;00m(
[1;32m     62[0m         [38;5;124m"[39m[38;5;124mSolver [39m[38;5;132;01m%s[39;00m[38;5;124m supports only [39m[38;5;124m'[39m[38;5;124ml2[39m[38;5;124m'[39m[38;5;124m or [39m[38;5;124m'[39m[38;5;124mnone[39m[38;5;124m'[39m[38;5;124m penalties, got [39m[38;5;132;01m%s[39;00m[38;5;124m penalty.[39m[38;5;124m"[39m
[1;32m     63[0m         [38;5;241m%[39m (solver, penalty)
[1;32m     64[0m     )

[0;31mValueError[0m: Logistic Regression supports only penalties in ['l1', 'l2', 'elasticnet', 'none'], got None.
ValueError: Logistic Regression supports only penalties in ['l1', 'l2', 'elasticnet', 'none'], got None.

